2025-05-06 15:58:58,254 [INFO] [MainThread] [root/log.py:59]: Yasb v1.7.1
2025-05-06 15:58:58,254 [INFO] [MainThread] [root/env_loader.py:22]: No env file found at C:\Users\Ambri\.config\yasb\.env, skipping environment loading.
2025-05-06 15:58:58,314 [INFO] [MainThread] [root/config.py:61]: Created default config file at C:\Users\Ambri\.config\yasb\config.yaml
2025-05-06 15:58:58,350 [INFO] [MainThread] [root/config.py:75]: Created default stylesheet at C:\Users\Ambri\.config\yasb\styles.css
2025-05-06 16:00:19,886 [INFO] [Thread-1 (_run_server)] [cli_server/cli_server.py:212]: CLI server started v1.1.0
2025-05-06 16:00:19,888 [INFO] [MainThread] [cli_server/cli_server.py:104]: Log pipe server started
2025-05-06 16:00:24,000 [DEBUG] [MainThread] [tzlocal/win32.py:55]: Looking up time zone info from registry
2025-05-06 16:00:28,847 [ERROR] [MainThread] [root/weather.py:46]: API key or location is missing. Please provide a valid API key and location.
2025-05-06 16:00:41,302 [DEBUG] [MainThread] [comtypes/__init__.py:149]: CoInitializeEx(None, 2)
2025-05-06 16:00:50,369 [ERROR] [MainThread] [root/weather.py:46]: API key or location is missing. Please provide a valid API key and location.
2025-05-06 16:00:50,759 [ERROR] [MainThread] [root/weather.py:46]: API key or location is missing. Please provide a valid API key and location.
2025-05-06 16:00:51,117 [INFO] [MainThread] [root/watcher.py:55]: Created file watcher for path C:\Users\Ambri\.config\yasb
2025-05-06 16:00:51,159 [INFO] [Dummy-5] [root/event_listener.py:53]: Created named pipe yasb-84d51814-2a82-11f0-bcec-001a7dda7111
2025-05-06 16:00:51,227 [DEBUG] [MainThread] [qasync._windows._EventPoller/_windows.py:213]: Starting (proactor: <_IocpProactor overlapped#=0 result#=0>)...
2025-05-06 16:00:51,231 [DEBUG] [Dummy-8] [qasync._windows._EventWorker/_windows.py:192]: Thread started
2025-05-06 16:03:10,646 [INFO] [MainThread] [root/log.py:59]: Yasb v1.7.1
2025-05-06 16:03:10,646 [INFO] [MainThread] [root/env_loader.py:22]: No env file found at C:\Users\Ambri\.config\yasb\.env, skipping environment loading.
2025-05-06 16:03:10,718 [INFO] [Thread-1 (_run_server)] [cli_server/cli_server.py:212]: CLI server started v1.1.0
2025-05-06 16:03:10,719 [INFO] [MainThread] [cli_server/cli_server.py:104]: Log pipe server started
2025-05-06 16:03:10,842 [DEBUG] [MainThread] [tzlocal/win32.py:55]: Looking up time zone info from registry
2025-05-06 16:03:11,141 [ERROR] [MainThread] [root/weather.py:46]: API key or location is missing. Please provide a valid API key and location.
2025-05-06 16:03:11,144 [DEBUG] [MainThread] [comtypes/__init__.py:149]: CoInitializeEx(None, 2)
2025-05-06 16:03:12,087 [ERROR] [MainThread] [root/weather.py:46]: API key or location is missing. Please provide a valid API key and location.
2025-05-06 16:03:12,320 [ERROR] [MainThread] [root/weather.py:46]: API key or location is missing. Please provide a valid API key and location.
2025-05-06 16:03:12,480 [INFO] [MainThread] [root/watcher.py:55]: Created file watcher for path C:\Users\Ambri\.config\yasb
2025-05-06 16:03:12,557 [INFO] [Dummy-5] [root/event_listener.py:53]: Created named pipe yasb-d9178363-2a82-11f0-b030-001a7dda7111
2025-05-06 16:03:12,633 [DEBUG] [MainThread] [qasync._windows._EventPoller/_windows.py:213]: Starting (proactor: <_IocpProactor overlapped#=0 result#=0>)...
2025-05-06 16:03:12,637 [DEBUG] [Dummy-8] [qasync._windows._EventWorker/_windows.py:192]: Thread started
2025-05-06 16:03:12,913 [INFO] [Dummy-5] [root/event_listener.py:125]: Komorebi connected to named pipe: yasb-d9178363-2a82-11f0-b030-001a7dda7111
2025-05-06 16:09:51,568 [WARNING] [Dummy-5] [root/event_listener.py:84]: Pipe has been ended: (109, 'PeekNamedPipe', 'The pipe has been ended.')
2025-05-06 16:09:51,568 [INFO] [Dummy-5] [root/event_listener.py:94]: Attempting to reconnect to Komorebi...
2025-05-06 16:09:54,581 [INFO] [Dummy-5] [root/event_listener.py:53]: Created named pipe yasb-d9178363-2a82-11f0-b030-001a7dda7111
2025-05-06 16:10:02,461 [INFO] [MainThread] [root/log.py:59]: Yasb v1.7.1
2025-05-06 16:10:02,461 [INFO] [MainThread] [root/env_loader.py:22]: No env file found at C:\Users\Ambri\.config\yasb\.env, skipping environment loading.
2025-05-06 16:10:02,519 [INFO] [Thread-1 (_run_server)] [cli_server/cli_server.py:212]: CLI server started v1.1.0
2025-05-06 16:10:02,520 [INFO] [MainThread] [cli_server/cli_server.py:104]: Log pipe server started
2025-05-06 16:10:02,648 [DEBUG] [MainThread] [tzlocal/win32.py:55]: Looking up time zone info from registry
2025-05-06 16:10:02,921 [ERROR] [MainThread] [root/weather.py:46]: API key or location is missing. Please provide a valid API key and location.
2025-05-06 16:10:02,924 [DEBUG] [MainThread] [comtypes/__init__.py:149]: CoInitializeEx(None, 2)
2025-05-06 16:10:03,746 [ERROR] [MainThread] [root/weather.py:46]: API key or location is missing. Please provide a valid API key and location.
2025-05-06 16:10:03,920 [ERROR] [MainThread] [root/weather.py:46]: API key or location is missing. Please provide a valid API key and location.
2025-05-06 16:10:03,968 [INFO] [MainThread] [root/watcher.py:55]: Created file watcher for path C:\Users\Ambri\.config\yasb
2025-05-06 16:10:04,041 [INFO] [Dummy-5] [root/event_listener.py:53]: Created named pipe yasb-ce5ba285-2a83-11f0-9f42-001a7dda7111
2025-05-06 16:10:04,117 [DEBUG] [MainThread] [qasync._windows._EventPoller/_windows.py:213]: Starting (proactor: <_IocpProactor overlapped#=0 result#=0>)...
2025-05-06 16:10:04,120 [DEBUG] [Dummy-8] [qasync._windows._EventWorker/_windows.py:192]: Thread started
2025-05-06 16:10:28,833 [INFO] [MainThread] [root/controller.py:12]: Reloading Application because of config update...
2025-05-06 16:10:28,948 [INFO] [MainThread] [cli_server/cli_server.py:112]: Log pipe server stopped
2025-05-06 16:10:28,948 [DEBUG] [MainThread] [cli_server/cli_server.py:206]: CLI server stopped
2025-05-06 16:10:28,953 [DEBUG] [MainThread] [qasync._windows._EventPoller/_windows.py:218]: Stopping worker thread...
2025-05-06 16:10:28,963 [DEBUG] [Dummy-8] [qasync._windows._EventWorker/_windows.py:201]: Exiting thread
2025-05-06 16:10:28,964 [DEBUG] [MainThread] [qasync._windows._IocpProactor/_windows.py:75]: Closing
2025-05-06 16:10:29,377 [INFO] [MainThread] [root/log.py:59]: Yasb v1.7.1
2025-05-06 16:10:29,377 [INFO] [MainThread] [root/env_loader.py:22]: No env file found at C:\Users\Ambri\.config\yasb\.env, skipping environment loading.
2025-05-06 16:10:29,442 [INFO] [Thread-1 (_run_server)] [cli_server/cli_server.py:212]: CLI server started v1.1.0
2025-05-06 16:10:29,443 [INFO] [MainThread] [cli_server/cli_server.py:104]: Log pipe server started
2025-05-06 16:10:29,572 [DEBUG] [MainThread] [tzlocal/win32.py:55]: Looking up time zone info from registry
2025-05-06 16:10:29,873 [ERROR] [MainThread] [root/weather.py:46]: API key or location is missing. Please provide a valid API key and location.
2025-05-06 16:10:29,876 [DEBUG] [MainThread] [comtypes/__init__.py:149]: CoInitializeEx(None, 2)
2025-05-06 16:10:30,732 [ERROR] [MainThread] [root/weather.py:46]: API key or location is missing. Please provide a valid API key and location.
2025-05-06 16:10:30,915 [ERROR] [MainThread] [root/weather.py:46]: API key or location is missing. Please provide a valid API key and location.
2025-05-06 16:10:30,963 [INFO] [MainThread] [root/watcher.py:55]: Created file watcher for path C:\Users\Ambri\.config\yasb
2025-05-06 16:10:30,965 [INFO] [Dummy-5] [root/event_listener.py:53]: Created named pipe yasb-de72b6f0-2a83-11f0-b255-001a7dda7111
2025-05-06 16:10:31,134 [DEBUG] [MainThread] [qasync._windows._EventPoller/_windows.py:213]: Starting (proactor: <_IocpProactor overlapped#=0 result#=0>)...
2025-05-06 16:10:31,135 [DEBUG] [Dummy-8] [qasync._windows._EventWorker/_windows.py:192]: Thread started
2025-05-06 16:11:01,818 [INFO] [Dummy-5] [root/event_listener.py:125]: Komorebi connected to named pipe: yasb-de72b6f0-2a83-11f0-b255-001a7dda7111
2025-05-06 16:15:36,646 [INFO] [MainThread] [root/controller.py:12]: Reloading Application because of config update...
2025-05-06 16:15:36,756 [INFO] [MainThread] [cli_server/cli_server.py:112]: Log pipe server stopped
2025-05-06 16:15:36,756 [DEBUG] [MainThread] [cli_server/cli_server.py:206]: CLI server stopped
2025-05-06 16:15:36,762 [DEBUG] [MainThread] [qasync._windows._EventPoller/_windows.py:218]: Stopping worker thread...
2025-05-06 16:15:36,772 [DEBUG] [Dummy-8] [qasync._windows._EventWorker/_windows.py:201]: Exiting thread
2025-05-06 16:15:36,774 [DEBUG] [MainThread] [qasync._windows._IocpProactor/_windows.py:75]: Closing
2025-05-06 16:15:37,407 [INFO] [MainThread] [root/log.py:59]: Yasb v1.7.1
2025-05-06 16:15:37,407 [INFO] [MainThread] [root/env_loader.py:22]: No env file found at C:\Users\Ambri\.config\yasb\.env, skipping environment loading.
2025-05-06 16:15:37,554 [INFO] [Thread-1 (_run_server)] [cli_server/cli_server.py:212]: CLI server started v1.1.0
2025-05-06 16:15:37,558 [INFO] [MainThread] [cli_server/cli_server.py:104]: Log pipe server started
2025-05-06 16:15:37,757 [DEBUG] [MainThread] [tzlocal/win32.py:55]: Looking up time zone info from registry
2025-05-06 16:15:38,055 [ERROR] [MainThread] [root/weather.py:46]: API key or location is missing. Please provide a valid API key and location.
2025-05-06 16:15:38,059 [DEBUG] [MainThread] [comtypes/__init__.py:149]: CoInitializeEx(None, 2)
2025-05-06 16:15:38,959 [ERROR] [MainThread] [root/weather.py:46]: API key or location is missing. Please provide a valid API key and location.
2025-05-06 16:15:39,154 [ERROR] [MainThread] [root/weather.py:46]: API key or location is missing. Please provide a valid API key and location.
2025-05-06 16:15:39,210 [INFO] [MainThread] [root/watcher.py:55]: Created file watcher for path C:\Users\Ambri\.config\yasb
2025-05-06 16:15:39,212 [INFO] [Dummy-5] [root/event_listener.py:53]: Created named pipe yasb-962d7a23-2a84-11f0-b00a-001a7dda7111
2025-05-06 16:15:39,375 [DEBUG] [MainThread] [qasync._windows._EventPoller/_windows.py:213]: Starting (proactor: <_IocpProactor overlapped#=0 result#=0>)...
2025-05-06 16:15:39,379 [DEBUG] [Dummy-8] [qasync._windows._EventWorker/_windows.py:192]: Thread started
2025-05-06 16:15:39,444 [INFO] [Dummy-5] [root/event_listener.py:125]: Komorebi connected to named pipe: yasb-962d7a23-2a84-11f0-b00a-001a7dda7111
2025-05-06 16:16:39,125 [INFO] [MainThread] [root/controller.py:12]: Reloading Application because of config update...
2025-05-06 16:16:39,227 [INFO] [MainThread] [cli_server/cli_server.py:112]: Log pipe server stopped
2025-05-06 16:16:39,227 [DEBUG] [MainThread] [cli_server/cli_server.py:206]: CLI server stopped
2025-05-06 16:16:39,231 [DEBUG] [MainThread] [qasync._windows._EventPoller/_windows.py:218]: Stopping worker thread...
2025-05-06 16:16:39,242 [DEBUG] [Dummy-8] [qasync._windows._EventWorker/_windows.py:201]: Exiting thread
2025-05-06 16:16:39,243 [DEBUG] [MainThread] [qasync._windows._IocpProactor/_windows.py:75]: Closing
2025-05-06 16:16:39,815 [INFO] [MainThread] [root/log.py:59]: Yasb v1.7.1
2025-05-06 16:16:39,817 [INFO] [MainThread] [root/env_loader.py:22]: No env file found at C:\Users\Ambri\.config\yasb\.env, skipping environment loading.
2025-05-06 16:16:40,020 [INFO] [Thread-1 (_run_server)] [cli_server/cli_server.py:212]: CLI server started v1.1.0
2025-05-06 16:16:40,044 [INFO] [MainThread] [cli_server/cli_server.py:104]: Log pipe server started
2025-05-06 16:16:40,279 [DEBUG] [MainThread] [tzlocal/win32.py:55]: Looking up time zone info from registry
2025-05-06 16:16:40,540 [WARNING] [MainThread] [root/widget_builder.py:38]: No widget config could be found for widget 'memory
2025-05-06 16:16:40,543 [DEBUG] [MainThread] [comtypes/__init__.py:149]: CoInitializeEx(None, 2)
2025-05-06 16:16:41,469 [WARNING] [MainThread] [root/widget_builder.py:35]: Ignoring construction of invalid widget 'memory'
2025-05-06 16:16:41,661 [WARNING] [MainThread] [root/widget_builder.py:35]: Ignoring construction of invalid widget 'memory'
2025-05-06 16:16:41,730 [ERROR] [MainThread] [root/widget_builder.py:77]: Failed to add undefined widget(s)  - The widget "memory" is undefined.
2025-05-06 16:16:41,734 [INFO] [Dummy-3] [root/event_listener.py:53]: Created named pipe yasb-bb713d58-2a84-11f0-b73e-001a7dda7111
2025-05-06 16:16:59,008 [INFO] [MainThread] [root/log.py:59]: Yasb v1.7.1
2025-05-06 16:16:59,008 [INFO] [MainThread] [root/env_loader.py:22]: No env file found at C:\Users\Ambri\.config\yasb\.env, skipping environment loading.
2025-05-06 16:16:59,063 [INFO] [Thread-1 (_run_server)] [cli_server/cli_server.py:212]: CLI server started v1.1.0
2025-05-06 16:16:59,064 [INFO] [MainThread] [cli_server/cli_server.py:104]: Log pipe server started
2025-05-06 16:16:59,181 [DEBUG] [MainThread] [tzlocal/win32.py:55]: Looking up time zone info from registry
2025-05-06 16:16:59,418 [DEBUG] [MainThread] [comtypes/__init__.py:149]: CoInitializeEx(None, 2)
2025-05-06 16:17:00,597 [INFO] [MainThread] [root/watcher.py:55]: Created file watcher for path C:\Users\Ambri\.config\yasb
2025-05-06 16:17:00,600 [INFO] [Dummy-5] [root/event_listener.py:53]: Created named pipe yasb-c6b0079f-2a84-11f0-90e0-001a7dda7111
2025-05-06 16:17:00,823 [DEBUG] [MainThread] [qasync._windows._EventPoller/_windows.py:213]: Starting (proactor: <_IocpProactor overlapped#=0 result#=0>)...
2025-05-06 16:17:00,826 [DEBUG] [Dummy-8] [qasync._windows._EventWorker/_windows.py:192]: Thread started
2025-05-06 16:17:01,034 [INFO] [Dummy-5] [root/event_listener.py:125]: Komorebi connected to named pipe: yasb-c6b0079f-2a84-11f0-90e0-001a7dda7111
2025-05-06 16:21:03,126 [INFO] [MainThread] [root/controller.py:12]: Reloading Application because of config update...
2025-05-06 16:21:03,237 [INFO] [MainThread] [cli_server/cli_server.py:112]: Log pipe server stopped
2025-05-06 16:21:03,237 [DEBUG] [MainThread] [cli_server/cli_server.py:206]: CLI server stopped
2025-05-06 16:21:03,274 [DEBUG] [MainThread] [qasync._windows._EventPoller/_windows.py:218]: Stopping worker thread...
2025-05-06 16:21:03,282 [DEBUG] [Dummy-8] [qasync._windows._EventWorker/_windows.py:201]: Exiting thread
2025-05-06 16:21:03,284 [DEBUG] [MainThread] [qasync._windows._IocpProactor/_windows.py:75]: Closing
2025-05-06 16:21:03,876 [INFO] [MainThread] [root/log.py:59]: Yasb v1.7.1
2025-05-06 16:21:03,876 [INFO] [MainThread] [root/env_loader.py:22]: No env file found at C:\Users\Ambri\.config\yasb\.env, skipping environment loading.
2025-05-06 16:21:03,953 [INFO] [Thread-1 (_run_server)] [cli_server/cli_server.py:212]: CLI server started v1.1.0
2025-05-06 16:21:03,953 [INFO] [MainThread] [cli_server/cli_server.py:104]: Log pipe server started
2025-05-06 16:21:04,201 [DEBUG] [MainThread] [tzlocal/win32.py:55]: Looking up time zone info from registry
2025-05-06 16:21:04,854 [DEBUG] [MainThread] [comtypes/__init__.py:149]: CoInitializeEx(None, 2)
2025-05-06 16:21:07,365 [INFO] [MainThread] [root/watcher.py:55]: Created file watcher for path C:\Users\Ambri\.config\yasb
2025-05-06 16:21:07,430 [DEBUG] [MainThread] [qasync._windows._EventPoller/_windows.py:213]: Starting (proactor: <_IocpProactor overlapped#=0 result#=0>)...
2025-05-06 16:21:07,434 [DEBUG] [Dummy-5] [qasync._windows._EventWorker/_windows.py:192]: Thread started
2025-05-06 16:21:07,739 [DEBUG] [TrayMonitorThread] [root/utils.py:42]: Could not open process with PID 0
2025-05-06 16:21:07,740 [ERROR] [TrayMonitorThread] [root/app_icons.py:216]: GetIconInfo failed: 0
2025-05-06 16:25:04,469 [INFO] [MainThread] [root/controller.py:12]: Reloading Application because of config update...
2025-05-06 16:25:04,571 [INFO] [MainThread] [cli_server/cli_server.py:112]: Log pipe server stopped
2025-05-06 16:25:04,571 [DEBUG] [MainThread] [cli_server/cli_server.py:206]: CLI server stopped
2025-05-06 16:25:04,580 [DEBUG] [MainThread] [qasync._windows._EventPoller/_windows.py:218]: Stopping worker thread...
2025-05-06 16:25:04,586 [DEBUG] [Dummy-5] [qasync._windows._EventWorker/_windows.py:201]: Exiting thread
2025-05-06 16:25:04,589 [DEBUG] [MainThread] [qasync._windows._IocpProactor/_windows.py:75]: Closing
2025-05-06 16:25:05,166 [INFO] [MainThread] [root/log.py:59]: Yasb v1.7.1
2025-05-06 16:25:05,167 [INFO] [MainThread] [root/env_loader.py:22]: No env file found at C:\Users\Ambri\.config\yasb\.env, skipping environment loading.
2025-05-06 16:25:05,358 [INFO] [Thread-1 (_run_server)] [cli_server/cli_server.py:212]: CLI server started v1.1.0
2025-05-06 16:25:05,365 [INFO] [MainThread] [cli_server/cli_server.py:104]: Log pipe server started
2025-05-06 16:25:05,367 [WARNING] [MainThread] [root/widget_builder.py:38]: No widget config could be found for widget 'komorebi_worksapces
2025-05-06 16:25:05,516 [DEBUG] [MainThread] [tzlocal/win32.py:55]: Looking up time zone info from registry
2025-05-06 16:25:05,902 [DEBUG] [MainThread] [comtypes/__init__.py:149]: CoInitializeEx(None, 2)
2025-05-06 16:25:07,350 [WARNING] [MainThread] [root/widget_builder.py:35]: Ignoring construction of invalid widget 'komorebi_worksapces'
2025-05-06 16:25:07,718 [WARNING] [MainThread] [root/widget_builder.py:35]: Ignoring construction of invalid widget 'komorebi_worksapces'
2025-05-06 16:25:08,093 [ERROR] [MainThread] [root/widget_builder.py:77]: Failed to add undefined widget(s)  - The widget "komorebi_worksapces" is undefined.
2025-05-06 16:25:39,224 [INFO] [MainThread] [root/log.py:59]: Yasb v1.7.1
2025-05-06 16:25:39,225 [INFO] [MainThread] [root/env_loader.py:22]: No env file found at C:\Users\Ambri\.config\yasb\.env, skipping environment loading.
2025-05-06 16:25:39,277 [INFO] [Thread-1 (_run_server)] [cli_server/cli_server.py:212]: CLI server started v1.1.0
2025-05-06 16:25:39,278 [INFO] [MainThread] [cli_server/cli_server.py:104]: Log pipe server started
2025-05-06 16:25:39,373 [DEBUG] [MainThread] [tzlocal/win32.py:55]: Looking up time zone info from registry
2025-05-06 16:25:39,672 [DEBUG] [MainThread] [comtypes/__init__.py:149]: CoInitializeEx(None, 2)
2025-05-06 16:25:42,139 [INFO] [MainThread] [root/watcher.py:55]: Created file watcher for path C:\Users\Ambri\.config\yasb
2025-05-06 16:25:42,157 [INFO] [Dummy-5] [root/event_listener.py:53]: Created named pipe yasb-fd8d1b8e-2a85-11f0-89bd-001a7dda7111
2025-05-06 16:25:42,208 [DEBUG] [MainThread] [qasync._windows._EventPoller/_windows.py:213]: Starting (proactor: <_IocpProactor overlapped#=0 result#=0>)...
2025-05-06 16:25:42,210 [DEBUG] [Dummy-8] [qasync._windows._EventWorker/_windows.py:192]: Thread started
2025-05-06 16:25:42,310 [INFO] [Dummy-5] [root/event_listener.py:125]: Komorebi connected to named pipe: yasb-fd8d1b8e-2a85-11f0-89bd-001a7dda7111
2025-05-06 16:25:42,551 [DEBUG] [TrayMonitorThread] [root/utils.py:42]: Could not open process with PID 0
2025-05-06 16:25:42,552 [ERROR] [TrayMonitorThread] [root/app_icons.py:216]: GetIconInfo failed: 0
2025-05-06 16:28:14,610 [INFO] [MainThread] [root/controller.py:27]: Exiting Application from tray...
2025-05-06 16:28:14,715 [INFO] [MainThread] [cli_server/cli_server.py:112]: Log pipe server stopped
2025-05-06 16:28:14,715 [DEBUG] [MainThread] [cli_server/cli_server.py:206]: CLI server stopped
2025-05-06 16:28:14,718 [DEBUG] [MainThread] [qasync._windows._EventPoller/_windows.py:218]: Stopping worker thread...
2025-05-06 16:28:14,730 [DEBUG] [Dummy-8] [qasync._windows._EventWorker/_windows.py:201]: Exiting thread
2025-05-06 16:28:14,731 [DEBUG] [MainThread] [qasync._windows._IocpProactor/_windows.py:75]: Closing
2025-05-06 16:28:14,784 [ERROR] [Dummy-5] [root/event_service.py:30]: Failed to emit signal <bound PYQT_SIGNAL k_signal_update of WorkspaceWidget object at 0x000001B9E62E1270>. Removing link to KomorebiEvent.KomorebiUpdate.
2025-05-06 16:28:14,835 [ERROR] [Dummy-5] [root/event_service.py:30]: Failed to emit signal <bound PYQT_SIGNAL k_signal_update of WorkspaceWidget object at 0x000001B9E9D5B390>. Removing link to KomorebiEvent.KomorebiUpdate.
2025-05-06 16:32:16,710 [INFO] [MainThread] [root/log.py:59]: Yasb v1.7.1
2025-05-06 16:32:16,710 [INFO] [MainThread] [root/env_loader.py:22]: No env file found at C:\Users\Ambri\.config\yasb\.env, skipping environment loading.
2025-05-06 16:32:16,763 [INFO] [Thread-1 (_run_server)] [cli_server/cli_server.py:212]: CLI server started v1.1.0
2025-05-06 16:32:16,763 [INFO] [MainThread] [cli_server/cli_server.py:104]: Log pipe server started
2025-05-06 16:32:16,852 [DEBUG] [MainThread] [tzlocal/win32.py:55]: Looking up time zone info from registry
2025-05-06 16:32:17,093 [DEBUG] [MainThread] [comtypes/__init__.py:149]: CoInitializeEx(None, 2)
2025-05-06 16:32:18,159 [INFO] [Dummy-3] [root/event_listener.py:53]: Created named pipe yasb-e998f813-2a86-11f0-9a09-001a7dda7111
2025-05-06 16:32:18,160 [INFO] [MainThread] [root/watcher.py:55]: Created file watcher for path C:\Users\Ambri\.config\yasb
2025-05-06 16:32:18,306 [DEBUG] [MainThread] [qasync._windows._EventPoller/_windows.py:213]: Starting (proactor: <_IocpProactor overlapped#=0 result#=0>)...
2025-05-06 16:32:18,323 [DEBUG] [Dummy-8] [qasync._windows._EventWorker/_windows.py:192]: Thread started
2025-05-06 16:32:18,408 [INFO] [Dummy-3] [root/event_listener.py:125]: Komorebi connected to named pipe: yasb-e998f813-2a86-11f0-9a09-001a7dda7111
2025-05-06 16:32:45,540 [INFO] [MainThread] [root/controller.py:12]: Reloading Application because of config update...
2025-05-06 16:32:45,655 [INFO] [MainThread] [cli_server/cli_server.py:112]: Log pipe server stopped
2025-05-06 16:32:45,655 [DEBUG] [MainThread] [cli_server/cli_server.py:206]: CLI server stopped
2025-05-06 16:32:45,659 [DEBUG] [MainThread] [qasync._windows._EventPoller/_windows.py:218]: Stopping worker thread...
2025-05-06 16:32:45,670 [DEBUG] [Dummy-8] [qasync._windows._EventWorker/_windows.py:201]: Exiting thread
2025-05-06 16:32:45,672 [DEBUG] [MainThread] [qasync._windows._IocpProactor/_windows.py:75]: Closing
2025-05-06 16:32:46,246 [INFO] [MainThread] [root/log.py:59]: Yasb v1.7.1
2025-05-06 16:32:46,246 [INFO] [MainThread] [root/env_loader.py:22]: No env file found at C:\Users\Ambri\.config\yasb\.env, skipping environment loading.
2025-05-06 16:32:46,338 [INFO] [Thread-1 (_run_server)] [cli_server/cli_server.py:212]: CLI server started v1.1.0
2025-05-06 16:32:46,338 [INFO] [MainThread] [cli_server/cli_server.py:104]: Log pipe server started
2025-05-06 16:32:46,481 [DEBUG] [MainThread] [tzlocal/win32.py:55]: Looking up time zone info from registry
2025-05-06 16:32:46,760 [DEBUG] [MainThread] [comtypes/__init__.py:149]: CoInitializeEx(None, 2)
2025-05-06 16:32:47,863 [INFO] [MainThread] [root/watcher.py:55]: Created file watcher for path C:\Users\Ambri\.config\yasb
2025-05-06 16:32:47,908 [INFO] [Dummy-5] [root/event_listener.py:53]: Created named pipe yasb-fb4d807a-2a86-11f0-a250-001a7dda7111
2025-05-06 16:32:47,972 [DEBUG] [MainThread] [qasync._windows._EventPoller/_windows.py:213]: Starting (proactor: <_IocpProactor overlapped#=0 result#=0>)...
2025-05-06 16:32:47,980 [DEBUG] [Dummy-8] [qasync._windows._EventWorker/_windows.py:192]: Thread started
2025-05-06 16:32:48,298 [INFO] [Dummy-5] [root/event_listener.py:125]: Komorebi connected to named pipe: yasb-fb4d807a-2a86-11f0-a250-001a7dda7111
2025-05-06 16:33:08,245 [INFO] [MainThread] [root/controller.py:12]: Reloading Application because of config update...
2025-05-06 16:33:08,354 [INFO] [MainThread] [cli_server/cli_server.py:112]: Log pipe server stopped
2025-05-06 16:33:08,354 [DEBUG] [MainThread] [cli_server/cli_server.py:206]: CLI server stopped
2025-05-06 16:33:08,359 [DEBUG] [MainThread] [qasync._windows._EventPoller/_windows.py:218]: Stopping worker thread...
2025-05-06 16:33:08,370 [DEBUG] [Dummy-8] [qasync._windows._EventWorker/_windows.py:201]: Exiting thread
2025-05-06 16:33:08,371 [DEBUG] [MainThread] [qasync._windows._IocpProactor/_windows.py:75]: Closing
2025-05-06 16:33:08,944 [INFO] [MainThread] [root/log.py:59]: Yasb v1.7.1
2025-05-06 16:33:08,945 [INFO] [MainThread] [root/env_loader.py:22]: No env file found at C:\Users\Ambri\.config\yasb\.env, skipping environment loading.
2025-05-06 16:33:09,032 [INFO] [Thread-1 (_run_server)] [cli_server/cli_server.py:212]: CLI server started v1.1.0
2025-05-06 16:33:09,032 [INFO] [MainThread] [cli_server/cli_server.py:104]: Log pipe server started
2025-05-06 16:33:09,143 [DEBUG] [MainThread] [tzlocal/win32.py:55]: Looking up time zone info from registry
2025-05-06 16:33:09,452 [DEBUG] [MainThread] [comtypes/__init__.py:149]: CoInitializeEx(None, 2)
2025-05-06 16:33:10,569 [INFO] [MainThread] [root/watcher.py:55]: Created file watcher for path C:\Users\Ambri\.config\yasb
2025-05-06 16:33:10,598 [INFO] [Dummy-5] [root/event_listener.py:53]: Created named pipe yasb-08d620bd-2a87-11f0-b008-001a7dda7111
2025-05-06 16:33:10,647 [DEBUG] [MainThread] [qasync._windows._EventPoller/_windows.py:213]: Starting (proactor: <_IocpProactor overlapped#=0 result#=0>)...
2025-05-06 16:33:10,650 [DEBUG] [Dummy-8] [qasync._windows._EventWorker/_windows.py:192]: Thread started
2025-05-06 16:33:10,838 [INFO] [Dummy-5] [root/event_listener.py:125]: Komorebi connected to named pipe: yasb-08d620bd-2a87-11f0-b008-001a7dda7111
2025-05-06 16:37:12,597 [INFO] [MainThread] [root/controller.py:12]: Reloading Application because of config update...
2025-05-06 16:37:12,698 [INFO] [MainThread] [cli_server/cli_server.py:112]: Log pipe server stopped
2025-05-06 16:37:12,698 [DEBUG] [MainThread] [cli_server/cli_server.py:206]: CLI server stopped
2025-05-06 16:37:12,702 [DEBUG] [MainThread] [qasync._windows._EventPoller/_windows.py:218]: Stopping worker thread...
2025-05-06 16:37:12,714 [DEBUG] [Dummy-8] [qasync._windows._EventWorker/_windows.py:201]: Exiting thread
2025-05-06 16:37:12,716 [DEBUG] [MainThread] [qasync._windows._IocpProactor/_windows.py:75]: Closing
2025-05-06 16:37:13,320 [INFO] [MainThread] [root/log.py:59]: Yasb v1.7.1
2025-05-06 16:37:13,321 [INFO] [MainThread] [root/env_loader.py:22]: No env file found at C:\Users\Ambri\.config\yasb\.env, skipping environment loading.
2025-05-06 16:37:13,404 [INFO] [Thread-1 (_run_server)] [cli_server/cli_server.py:212]: CLI server started v1.1.0
2025-05-06 16:37:13,404 [INFO] [MainThread] [cli_server/cli_server.py:104]: Log pipe server started
2025-05-06 16:37:13,518 [DEBUG] [MainThread] [tzlocal/win32.py:55]: Looking up time zone info from registry
2025-05-06 16:37:13,884 [WARNING] [MainThread] [root/widget_builder.py:38]: No widget config could be found for widget 'volume"
2025-05-06 16:37:14,671 [WARNING] [MainThread] [root/widget_builder.py:35]: Ignoring construction of invalid widget 'volume"'
2025-05-06 16:37:14,845 [WARNING] [MainThread] [root/widget_builder.py:35]: Ignoring construction of invalid widget 'volume"'
2025-05-06 16:37:14,872 [ERROR] [MainThread] [root/widget_builder.py:77]: Failed to add undefined widget(s)  - The widget "volume"" is undefined.
2025-05-06 16:37:14,874 [INFO] [Dummy-3] [root/event_listener.py:53]: Created named pipe yasb-9a73d920-2a87-11f0-b1b9-001a7dda7111
2025-05-06 16:37:33,196 [INFO] [MainThread] [root/log.py:59]: Yasb v1.7.1
2025-05-06 16:37:33,197 [INFO] [MainThread] [root/env_loader.py:22]: No env file found at C:\Users\Ambri\.config\yasb\.env, skipping environment loading.
2025-05-06 16:37:33,252 [INFO] [Thread-1 (_run_server)] [cli_server/cli_server.py:212]: CLI server started v1.1.0
2025-05-06 16:37:33,252 [INFO] [MainThread] [cli_server/cli_server.py:104]: Log pipe server started
2025-05-06 16:37:33,337 [DEBUG] [MainThread] [tzlocal/win32.py:55]: Looking up time zone info from registry
2025-05-06 16:37:33,594 [DEBUG] [MainThread] [comtypes/__init__.py:149]: CoInitializeEx(None, 2)
2025-05-06 16:37:34,682 [INFO] [MainThread] [root/watcher.py:55]: Created file watcher for path C:\Users\Ambri\.config\yasb
2025-05-06 16:37:34,700 [INFO] [Dummy-5] [root/event_listener.py:53]: Created named pipe yasb-a6427d4a-2a87-11f0-ba4f-001a7dda7111
2025-05-06 16:37:34,803 [DEBUG] [MainThread] [qasync._windows._EventPoller/_windows.py:213]: Starting (proactor: <_IocpProactor overlapped#=0 result#=0>)...
2025-05-06 16:37:34,821 [DEBUG] [Dummy-8] [qasync._windows._EventWorker/_windows.py:192]: Thread started
2025-05-06 16:37:34,938 [INFO] [Dummy-5] [root/event_listener.py:125]: Komorebi connected to named pipe: yasb-a6427d4a-2a87-11f0-ba4f-001a7dda7111
2025-05-06 16:37:35,160 [DEBUG] [TrayMonitorThread] [root/utils.py:42]: Could not open process with PID 0
2025-05-06 16:37:35,161 [ERROR] [TrayMonitorThread] [root/app_icons.py:216]: GetIconInfo failed: 0
2025-05-06 16:38:13,744 [INFO] [MainThread] [root/controller.py:12]: Reloading Application because of config update...
2025-05-06 16:38:13,849 [INFO] [MainThread] [cli_server/cli_server.py:112]: Log pipe server stopped
2025-05-06 16:38:13,849 [DEBUG] [MainThread] [cli_server/cli_server.py:206]: CLI server stopped
2025-05-06 16:38:13,857 [DEBUG] [MainThread] [qasync._windows._EventPoller/_windows.py:218]: Stopping worker thread...
2025-05-06 16:38:13,864 [DEBUG] [Dummy-8] [qasync._windows._EventWorker/_windows.py:201]: Exiting thread
2025-05-06 16:38:13,866 [DEBUG] [MainThread] [qasync._windows._IocpProactor/_windows.py:75]: Closing
2025-05-06 16:38:14,454 [INFO] [MainThread] [root/log.py:59]: Yasb v1.7.1
2025-05-06 16:38:14,455 [INFO] [MainThread] [root/env_loader.py:22]: No env file found at C:\Users\Ambri\.config\yasb\.env, skipping environment loading.
2025-05-06 16:38:14,542 [INFO] [Thread-1 (_run_server)] [cli_server/cli_server.py:212]: CLI server started v1.1.0
2025-05-06 16:38:14,542 [INFO] [MainThread] [cli_server/cli_server.py:104]: Log pipe server started
2025-05-06 16:38:14,674 [DEBUG] [MainThread] [tzlocal/win32.py:55]: Looking up time zone info from registry
2025-05-06 16:38:15,148 [DEBUG] [MainThread] [comtypes/__init__.py:149]: CoInitializeEx(None, 2)
2025-05-06 16:38:16,243 [INFO] [MainThread] [root/watcher.py:55]: Created file watcher for path C:\Users\Ambri\.config\yasb
2025-05-06 16:38:16,261 [INFO] [Dummy-5] [root/event_listener.py:53]: Created named pipe yasb-bf083061-2a87-11f0-b1fd-001a7dda7111
2025-05-06 16:38:16,365 [DEBUG] [MainThread] [qasync._windows._EventPoller/_windows.py:213]: Starting (proactor: <_IocpProactor overlapped#=0 result#=0>)...
2025-05-06 16:38:16,381 [DEBUG] [Dummy-8] [qasync._windows._EventWorker/_windows.py:192]: Thread started
2025-05-06 16:38:16,510 [INFO] [Dummy-5] [root/event_listener.py:125]: Komorebi connected to named pipe: yasb-bf083061-2a87-11f0-b1fd-001a7dda7111
2025-05-06 16:38:16,706 [DEBUG] [TrayMonitorThread] [root/utils.py:42]: Could not open process with PID 0
2025-05-06 16:38:16,708 [ERROR] [TrayMonitorThread] [root/app_icons.py:216]: GetIconInfo failed: 0
2025-05-06 16:39:03,176 [INFO] [MainThread] [root/controller.py:12]: Reloading Application because of config update...
2025-05-06 16:39:03,286 [INFO] [MainThread] [cli_server/cli_server.py:112]: Log pipe server stopped
2025-05-06 16:39:03,286 [DEBUG] [MainThread] [cli_server/cli_server.py:206]: CLI server stopped
2025-05-06 16:39:03,293 [DEBUG] [MainThread] [qasync._windows._EventPoller/_windows.py:218]: Stopping worker thread...
2025-05-06 16:39:03,301 [DEBUG] [Dummy-8] [qasync._windows._EventWorker/_windows.py:201]: Exiting thread
2025-05-06 16:39:03,303 [DEBUG] [MainThread] [qasync._windows._IocpProactor/_windows.py:75]: Closing
2025-05-06 16:39:03,860 [INFO] [MainThread] [root/log.py:59]: Yasb v1.7.1
2025-05-06 16:39:03,861 [INFO] [MainThread] [root/env_loader.py:22]: No env file found at C:\Users\Ambri\.config\yasb\.env, skipping environment loading.
2025-05-06 16:39:03,953 [INFO] [Thread-1 (_run_server)] [cli_server/cli_server.py:212]: CLI server started v1.1.0
2025-05-06 16:39:03,954 [INFO] [MainThread] [cli_server/cli_server.py:104]: Log pipe server started
2025-05-06 16:39:04,056 [DEBUG] [MainThread] [tzlocal/win32.py:55]: Looking up time zone info from registry
2025-05-06 16:39:04,375 [DEBUG] [MainThread] [comtypes/__init__.py:149]: CoInitializeEx(None, 2)
2025-05-06 16:39:05,463 [INFO] [MainThread] [root/watcher.py:55]: Created file watcher for path C:\Users\Ambri\.config\yasb
2025-05-06 16:39:05,498 [INFO] [Dummy-5] [root/event_listener.py:53]: Created named pipe yasb-dc5eb5fb-2a87-11f0-8d09-001a7dda7111
2025-05-06 16:39:05,730 [DEBUG] [MainThread] [qasync._windows._EventPoller/_windows.py:213]: Starting (proactor: <_IocpProactor overlapped#=0 result#=0>)...
2025-05-06 16:39:05,746 [DEBUG] [Dummy-8] [qasync._windows._EventWorker/_windows.py:192]: Thread started
2025-05-06 16:39:05,917 [INFO] [Dummy-5] [root/event_listener.py:125]: Komorebi connected to named pipe: yasb-dc5eb5fb-2a87-11f0-8d09-001a7dda7111
2025-05-06 16:39:58,438 [INFO] [MainThread] [root/controller.py:12]: Reloading Application because of config update...
2025-05-06 16:39:58,541 [INFO] [MainThread] [cli_server/cli_server.py:112]: Log pipe server stopped
2025-05-06 16:39:58,541 [DEBUG] [MainThread] [cli_server/cli_server.py:206]: CLI server stopped
2025-05-06 16:39:58,545 [DEBUG] [MainThread] [qasync._windows._EventPoller/_windows.py:218]: Stopping worker thread...
2025-05-06 16:39:58,556 [DEBUG] [Dummy-8] [qasync._windows._EventWorker/_windows.py:201]: Exiting thread
2025-05-06 16:39:58,558 [DEBUG] [MainThread] [qasync._windows._IocpProactor/_windows.py:75]: Closing
2025-05-06 16:39:59,154 [INFO] [MainThread] [root/log.py:59]: Yasb v1.7.1
2025-05-06 16:39:59,154 [INFO] [MainThread] [root/env_loader.py:22]: No env file found at C:\Users\Ambri\.config\yasb\.env, skipping environment loading.
2025-05-06 16:39:59,236 [INFO] [Thread-1 (_run_server)] [cli_server/cli_server.py:212]: CLI server started v1.1.0
2025-05-06 16:39:59,236 [INFO] [MainThread] [cli_server/cli_server.py:104]: Log pipe server started
2025-05-06 16:39:59,375 [DEBUG] [MainThread] [tzlocal/win32.py:55]: Looking up time zone info from registry
2025-05-06 16:39:59,697 [DEBUG] [MainThread] [comtypes/__init__.py:149]: CoInitializeEx(None, 2)
2025-05-06 16:40:00,781 [INFO] [MainThread] [root/watcher.py:55]: Created file watcher for path C:\Users\Ambri\.config\yasb
2025-05-06 16:40:00,809 [INFO] [Dummy-5] [root/event_listener.py:53]: Created named pipe yasb-fd576753-2a87-11f0-9127-001a7dda7111
2025-05-06 16:40:00,908 [DEBUG] [MainThread] [qasync._windows._EventPoller/_windows.py:213]: Starting (proactor: <_IocpProactor overlapped#=0 result#=0>)...
2025-05-06 16:40:00,928 [DEBUG] [Dummy-8] [qasync._windows._EventWorker/_windows.py:192]: Thread started
2025-05-06 16:40:01,028 [INFO] [Dummy-5] [root/event_listener.py:125]: Komorebi connected to named pipe: yasb-fd576753-2a87-11f0-9127-001a7dda7111
2025-05-06 16:45:54,723 [INFO] [MainThread] [root/controller.py:12]: Reloading Application because of config update...
2025-05-06 16:45:54,833 [INFO] [MainThread] [cli_server/cli_server.py:112]: Log pipe server stopped
2025-05-06 16:45:54,833 [DEBUG] [MainThread] [cli_server/cli_server.py:206]: CLI server stopped
2025-05-06 16:45:54,838 [DEBUG] [MainThread] [qasync._windows._EventPoller/_windows.py:218]: Stopping worker thread...
2025-05-06 16:45:54,849 [DEBUG] [Dummy-8] [qasync._windows._EventWorker/_windows.py:201]: Exiting thread
2025-05-06 16:45:54,850 [DEBUG] [MainThread] [qasync._windows._IocpProactor/_windows.py:75]: Closing
2025-05-06 16:45:55,442 [INFO] [MainThread] [root/log.py:59]: Yasb v1.7.1
2025-05-06 16:45:55,442 [INFO] [MainThread] [root/env_loader.py:22]: No env file found at C:\Users\Ambri\.config\yasb\.env, skipping environment loading.
2025-05-06 16:45:55,533 [INFO] [Thread-1 (_run_server)] [cli_server/cli_server.py:212]: CLI server started v1.1.0
2025-05-06 16:45:55,534 [INFO] [MainThread] [cli_server/cli_server.py:104]: Log pipe server started
2025-05-06 16:45:55,681 [DEBUG] [MainThread] [tzlocal/win32.py:55]: Looking up time zone info from registry
2025-05-06 16:45:56,018 [DEBUG] [MainThread] [comtypes/__init__.py:149]: CoInitializeEx(None, 2)
2025-05-06 16:45:57,066 [INFO] [MainThread] [root/watcher.py:55]: Created file watcher for path C:\Users\Ambri\.config\yasb
2025-05-06 16:45:57,096 [INFO] [Dummy-5] [root/event_listener.py:53]: Created named pipe yasb-d1b43ab9-2a88-11f0-9e02-001a7dda7111
2025-05-06 16:45:57,197 [DEBUG] [MainThread] [qasync._windows._EventPoller/_windows.py:213]: Starting (proactor: <_IocpProactor overlapped#=0 result#=0>)...
2025-05-06 16:45:57,216 [DEBUG] [Dummy-8] [qasync._windows._EventWorker/_windows.py:192]: Thread started
2025-05-06 16:45:57,310 [INFO] [Dummy-5] [root/event_listener.py:125]: Komorebi connected to named pipe: yasb-d1b43ab9-2a88-11f0-9e02-001a7dda7111
2025-05-06 16:46:41,202 [INFO] [MainThread] [root/controller.py:12]: Reloading Application because of config update...
2025-05-06 16:46:41,305 [INFO] [MainThread] [cli_server/cli_server.py:112]: Log pipe server stopped
2025-05-06 16:46:41,305 [DEBUG] [MainThread] [cli_server/cli_server.py:206]: CLI server stopped
2025-05-06 16:46:41,309 [DEBUG] [MainThread] [qasync._windows._EventPoller/_windows.py:218]: Stopping worker thread...
2025-05-06 16:46:41,320 [DEBUG] [Dummy-8] [qasync._windows._EventWorker/_windows.py:201]: Exiting thread
2025-05-06 16:46:41,322 [DEBUG] [MainThread] [qasync._windows._IocpProactor/_windows.py:75]: Closing
2025-05-06 16:46:41,905 [INFO] [MainThread] [root/log.py:59]: Yasb v1.7.1
2025-05-06 16:46:41,906 [INFO] [MainThread] [root/env_loader.py:22]: No env file found at C:\Users\Ambri\.config\yasb\.env, skipping environment loading.
2025-05-06 16:46:41,985 [INFO] [Thread-1 (_run_server)] [cli_server/cli_server.py:212]: CLI server started v1.1.0
2025-05-06 16:46:41,985 [INFO] [MainThread] [cli_server/cli_server.py:104]: Log pipe server started
2025-05-06 16:46:42,131 [DEBUG] [MainThread] [tzlocal/win32.py:55]: Looking up time zone info from registry
2025-05-06 16:46:42,423 [DEBUG] [MainThread] [comtypes/__init__.py:149]: CoInitializeEx(None, 2)
2025-05-06 16:46:43,545 [INFO] [MainThread] [root/watcher.py:55]: Created file watcher for path C:\Users\Ambri\.config\yasb
2025-05-06 16:46:43,571 [INFO] [Dummy-5] [root/event_listener.py:53]: Created named pipe yasb-ed6862a9-2a88-11f0-9ed7-001a7dda7111
2025-05-06 16:46:43,677 [DEBUG] [MainThread] [qasync._windows._EventPoller/_windows.py:213]: Starting (proactor: <_IocpProactor overlapped#=0 result#=0>)...
2025-05-06 16:46:43,697 [DEBUG] [Dummy-8] [qasync._windows._EventWorker/_windows.py:192]: Thread started
2025-05-06 16:46:43,817 [INFO] [Dummy-5] [root/event_listener.py:125]: Komorebi connected to named pipe: yasb-ed6862a9-2a88-11f0-9ed7-001a7dda7111
2025-05-06 16:49:53,854 [INFO] [MainThread] [root/controller.py:12]: Reloading Application because of config update...
2025-05-06 16:49:53,967 [INFO] [MainThread] [cli_server/cli_server.py:112]: Log pipe server stopped
2025-05-06 16:49:53,967 [DEBUG] [MainThread] [cli_server/cli_server.py:206]: CLI server stopped
2025-05-06 16:49:53,971 [DEBUG] [MainThread] [qasync._windows._EventPoller/_windows.py:218]: Stopping worker thread...
2025-05-06 16:49:53,983 [DEBUG] [Dummy-8] [qasync._windows._EventWorker/_windows.py:201]: Exiting thread
2025-05-06 16:49:53,985 [DEBUG] [MainThread] [qasync._windows._IocpProactor/_windows.py:75]: Closing
2025-05-06 16:49:54,573 [INFO] [MainThread] [root/log.py:59]: Yasb v1.7.1
2025-05-06 16:49:54,573 [INFO] [MainThread] [root/env_loader.py:22]: No env file found at C:\Users\Ambri\.config\yasb\.env, skipping environment loading.
2025-05-06 16:49:54,656 [INFO] [Thread-1 (_run_server)] [cli_server/cli_server.py:212]: CLI server started v1.1.0
2025-05-06 16:49:54,656 [INFO] [MainThread] [cli_server/cli_server.py:104]: Log pipe server started
2025-05-06 16:49:54,872 [DEBUG] [MainThread] [tzlocal/win32.py:55]: Looking up time zone info from registry
2025-05-06 16:49:55,241 [DEBUG] [MainThread] [comtypes/__init__.py:149]: CoInitializeEx(None, 2)
2025-05-06 16:49:56,351 [INFO] [MainThread] [root/watcher.py:55]: Created file watcher for path C:\Users\Ambri\.config\yasb
2025-05-06 16:49:56,366 [INFO] [Dummy-5] [root/event_listener.py:53]: Created named pipe yasb-60544604-2a89-11f0-a82c-001a7dda7111
2025-05-06 16:49:56,480 [DEBUG] [MainThread] [qasync._windows._EventPoller/_windows.py:213]: Starting (proactor: <_IocpProactor overlapped#=0 result#=0>)...
2025-05-06 16:49:56,496 [DEBUG] [Dummy-8] [qasync._windows._EventWorker/_windows.py:192]: Thread started
2025-05-06 16:49:56,605 [INFO] [Dummy-5] [root/event_listener.py:125]: Komorebi connected to named pipe: yasb-60544604-2a89-11f0-a82c-001a7dda7111
2025-05-06 16:50:23,300 [INFO] [MainThread] [root/controller.py:12]: Reloading Application because of config update...
2025-05-06 16:50:23,405 [INFO] [MainThread] [cli_server/cli_server.py:112]: Log pipe server stopped
2025-05-06 16:50:23,405 [DEBUG] [MainThread] [cli_server/cli_server.py:206]: CLI server stopped
2025-05-06 16:50:23,409 [DEBUG] [MainThread] [qasync._windows._EventPoller/_windows.py:218]: Stopping worker thread...
2025-05-06 16:50:23,420 [DEBUG] [Dummy-8] [qasync._windows._EventWorker/_windows.py:201]: Exiting thread
2025-05-06 16:50:23,421 [DEBUG] [MainThread] [qasync._windows._IocpProactor/_windows.py:75]: Closing
2025-05-06 16:50:24,022 [INFO] [MainThread] [root/log.py:59]: Yasb v1.7.1
2025-05-06 16:50:24,022 [INFO] [MainThread] [root/env_loader.py:22]: No env file found at C:\Users\Ambri\.config\yasb\.env, skipping environment loading.
2025-05-06 16:50:24,090 [INFO] [Thread-1 (_run_server)] [cli_server/cli_server.py:212]: CLI server started v1.1.0
2025-05-06 16:50:24,090 [INFO] [MainThread] [cli_server/cli_server.py:104]: Log pipe server started
2025-05-06 16:50:24,226 [DEBUG] [MainThread] [tzlocal/win32.py:55]: Looking up time zone info from registry
2025-05-06 16:50:24,542 [DEBUG] [MainThread] [comtypes/__init__.py:149]: CoInitializeEx(None, 2)
2025-05-06 16:50:25,656 [INFO] [MainThread] [root/watcher.py:55]: Created file watcher for path C:\Users\Ambri\.config\yasb
2025-05-06 16:50:25,656 [INFO] [Dummy-5] [root/event_listener.py:53]: Created named pipe yasb-71cbeb22-2a89-11f0-a74b-001a7dda7111
2025-05-06 16:50:25,842 [DEBUG] [MainThread] [qasync._windows._EventPoller/_windows.py:213]: Starting (proactor: <_IocpProactor overlapped#=0 result#=0>)...
2025-05-06 16:50:25,936 [DEBUG] [Dummy-8] [qasync._windows._EventWorker/_windows.py:192]: Thread started
2025-05-06 16:50:26,069 [INFO] [Dummy-5] [root/event_listener.py:125]: Komorebi connected to named pipe: yasb-71cbeb22-2a89-11f0-a74b-001a7dda7111
2025-05-06 16:53:01,809 [INFO] [MainThread] [root/controller.py:12]: Reloading Application because of config update...
2025-05-06 16:53:01,913 [INFO] [MainThread] [cli_server/cli_server.py:112]: Log pipe server stopped
2025-05-06 16:53:01,913 [DEBUG] [MainThread] [cli_server/cli_server.py:206]: CLI server stopped
2025-05-06 16:53:01,918 [DEBUG] [MainThread] [qasync._windows._EventPoller/_windows.py:218]: Stopping worker thread...
2025-05-06 16:53:01,929 [DEBUG] [Dummy-8] [qasync._windows._EventWorker/_windows.py:201]: Exiting thread
2025-05-06 16:53:01,931 [DEBUG] [MainThread] [qasync._windows._IocpProactor/_windows.py:75]: Closing
2025-05-06 16:53:02,506 [INFO] [MainThread] [root/log.py:59]: Yasb v1.7.1
2025-05-06 16:53:02,507 [INFO] [MainThread] [root/env_loader.py:22]: No env file found at C:\Users\Ambri\.config\yasb\.env, skipping environment loading.
2025-05-06 16:53:02,589 [INFO] [Thread-1 (_run_server)] [cli_server/cli_server.py:212]: CLI server started v1.1.0
2025-05-06 16:53:02,589 [INFO] [MainThread] [cli_server/cli_server.py:104]: Log pipe server started
2025-05-06 16:53:02,777 [DEBUG] [MainThread] [tzlocal/win32.py:55]: Looking up time zone info from registry
2025-05-06 16:53:03,054 [DEBUG] [MainThread] [comtypes/__init__.py:149]: CoInitializeEx(None, 2)
2025-05-06 16:53:04,165 [INFO] [MainThread] [root/watcher.py:55]: Created file watcher for path C:\Users\Ambri\.config\yasb
2025-05-06 16:53:04,192 [INFO] [Dummy-5] [root/event_listener.py:53]: Created named pipe yasb-d046625c-2a89-11f0-9453-001a7dda7111
2025-05-06 16:53:04,304 [DEBUG] [MainThread] [qasync._windows._EventPoller/_windows.py:213]: Starting (proactor: <_IocpProactor overlapped#=0 result#=0>)...
2025-05-06 16:53:04,319 [DEBUG] [Dummy-8] [qasync._windows._EventWorker/_windows.py:192]: Thread started
2025-05-06 16:53:04,414 [INFO] [Dummy-5] [root/event_listener.py:125]: Komorebi connected to named pipe: yasb-d046625c-2a89-11f0-9453-001a7dda7111
2025-05-06 16:55:17,435 [INFO] [MainThread] [root/controller.py:12]: Reloading Application because of config update...
2025-05-06 16:55:17,546 [INFO] [MainThread] [cli_server/cli_server.py:112]: Log pipe server stopped
2025-05-06 16:55:17,546 [DEBUG] [MainThread] [cli_server/cli_server.py:206]: CLI server stopped
2025-05-06 16:55:17,551 [DEBUG] [MainThread] [qasync._windows._EventPoller/_windows.py:218]: Stopping worker thread...
2025-05-06 16:55:17,561 [DEBUG] [Dummy-8] [qasync._windows._EventWorker/_windows.py:201]: Exiting thread
2025-05-06 16:55:17,563 [DEBUG] [MainThread] [qasync._windows._IocpProactor/_windows.py:75]: Closing
2025-05-06 16:55:18,188 [INFO] [MainThread] [root/log.py:59]: Yasb v1.7.1
2025-05-06 16:55:18,188 [INFO] [MainThread] [root/env_loader.py:22]: No env file found at C:\Users\Ambri\.config\yasb\.env, skipping environment loading.
2025-05-06 16:55:18,268 [INFO] [Thread-1 (_run_server)] [cli_server/cli_server.py:212]: CLI server started v1.1.0
2025-05-06 16:55:18,268 [INFO] [MainThread] [cli_server/cli_server.py:104]: Log pipe server started
2025-05-06 16:55:18,429 [DEBUG] [MainThread] [tzlocal/win32.py:55]: Looking up time zone info from registry
2025-05-06 16:55:18,727 [DEBUG] [MainThread] [comtypes/__init__.py:149]: CoInitializeEx(None, 2)
2025-05-06 16:55:19,862 [INFO] [MainThread] [root/watcher.py:55]: Created file watcher for path C:\Users\Ambri\.config\yasb
2025-05-06 16:55:19,865 [INFO] [Dummy-5] [root/event_listener.py:53]: Created named pipe yasb-21281d02-2a8a-11f0-9416-001a7dda7111
2025-05-06 16:55:19,987 [DEBUG] [MainThread] [qasync._windows._EventPoller/_windows.py:213]: Starting (proactor: <_IocpProactor overlapped#=0 result#=0>)...
2025-05-06 16:55:20,008 [DEBUG] [Dummy-8] [qasync._windows._EventWorker/_windows.py:192]: Thread started
2025-05-06 16:55:20,147 [INFO] [Dummy-5] [root/event_listener.py:125]: Komorebi connected to named pipe: yasb-21281d02-2a8a-11f0-9416-001a7dda7111
2025-05-06 16:56:52,330 [INFO] [MainThread] [root/controller.py:12]: Reloading Application because of config update...
2025-05-06 16:56:52,437 [INFO] [MainThread] [cli_server/cli_server.py:112]: Log pipe server stopped
2025-05-06 16:56:52,437 [DEBUG] [MainThread] [cli_server/cli_server.py:206]: CLI server stopped
2025-05-06 16:56:52,442 [DEBUG] [MainThread] [qasync._windows._EventPoller/_windows.py:218]: Stopping worker thread...
2025-05-06 16:56:52,453 [DEBUG] [Dummy-8] [qasync._windows._EventWorker/_windows.py:201]: Exiting thread
2025-05-06 16:56:52,455 [DEBUG] [MainThread] [qasync._windows._IocpProactor/_windows.py:75]: Closing
2025-05-06 16:56:53,082 [INFO] [MainThread] [root/log.py:59]: Yasb v1.7.1
2025-05-06 16:56:53,082 [INFO] [MainThread] [root/env_loader.py:22]: No env file found at C:\Users\Ambri\.config\yasb\.env, skipping environment loading.
2025-05-06 16:56:53,184 [INFO] [Thread-1 (_run_server)] [cli_server/cli_server.py:212]: CLI server started v1.1.0
2025-05-06 16:56:53,184 [INFO] [MainThread] [cli_server/cli_server.py:104]: Log pipe server started
2025-05-06 16:56:53,372 [DEBUG] [MainThread] [tzlocal/win32.py:55]: Looking up time zone info from registry
2025-05-06 16:56:53,643 [DEBUG] [MainThread] [comtypes/__init__.py:149]: CoInitializeEx(None, 2)
2025-05-06 16:56:54,765 [INFO] [MainThread] [root/watcher.py:55]: Created file watcher for path C:\Users\Ambri\.config\yasb
2025-05-06 16:56:54,768 [INFO] [Dummy-5] [root/event_listener.py:53]: Created named pipe yasb-59b920a2-2a8a-11f0-9885-001a7dda7111
2025-05-06 16:56:54,884 [DEBUG] [MainThread] [qasync._windows._EventPoller/_windows.py:213]: Starting (proactor: <_IocpProactor overlapped#=0 result#=0>)...
2025-05-06 16:56:54,897 [DEBUG] [Dummy-8] [qasync._windows._EventWorker/_windows.py:192]: Thread started
2025-05-06 16:56:55,018 [INFO] [Dummy-5] [root/event_listener.py:125]: Komorebi connected to named pipe: yasb-59b920a2-2a8a-11f0-9885-001a7dda7111
2025-05-06 17:05:23,597 [INFO] [MainThread] [root/controller.py:12]: Reloading Application because of config update...
2025-05-06 17:05:23,700 [INFO] [MainThread] [cli_server/cli_server.py:112]: Log pipe server stopped
2025-05-06 17:05:23,700 [DEBUG] [MainThread] [cli_server/cli_server.py:206]: CLI server stopped
2025-05-06 17:05:23,705 [DEBUG] [MainThread] [qasync._windows._EventPoller/_windows.py:218]: Stopping worker thread...
2025-05-06 17:05:23,715 [DEBUG] [Dummy-8] [qasync._windows._EventWorker/_windows.py:201]: Exiting thread
2025-05-06 17:05:23,717 [DEBUG] [MainThread] [qasync._windows._IocpProactor/_windows.py:75]: Closing
2025-05-06 17:05:24,332 [INFO] [MainThread] [root/log.py:59]: Yasb v1.7.1
2025-05-06 17:05:24,332 [INFO] [MainThread] [root/env_loader.py:22]: No env file found at C:\Users\Ambri\.config\yasb\.env, skipping environment loading.
2025-05-06 17:05:24,424 [INFO] [Thread-1 (_run_server)] [cli_server/cli_server.py:212]: CLI server started v1.1.0
2025-05-06 17:05:24,424 [INFO] [MainThread] [cli_server/cli_server.py:104]: Log pipe server started
2025-05-06 17:05:24,566 [DEBUG] [MainThread] [tzlocal/win32.py:55]: Looking up time zone info from registry
2025-05-06 17:05:24,830 [DEBUG] [MainThread] [comtypes/__init__.py:149]: CoInitializeEx(None, 2)
2025-05-06 17:05:26,348 [INFO] [MainThread] [root/watcher.py:55]: Created file watcher for path C:\Users\Ambri\.config\yasb
2025-05-06 17:05:26,386 [INFO] [Dummy-5] [root/event_listener.py:53]: Created named pipe yasb-8aa66917-2a8b-11f0-8188-001a7dda7111
2025-05-06 17:05:26,440 [DEBUG] [MainThread] [qasync._windows._EventPoller/_windows.py:213]: Starting (proactor: <_IocpProactor overlapped#=0 result#=0>)...
2025-05-06 17:05:26,441 [DEBUG] [Dummy-8] [qasync._windows._EventWorker/_windows.py:192]: Thread started
2025-05-06 17:05:26,522 [INFO] [Dummy-5] [root/event_listener.py:125]: Komorebi connected to named pipe: yasb-8aa66917-2a8b-11f0-8188-001a7dda7111
2025-05-06 17:07:53,465 [INFO] [MainThread] [root/controller.py:12]: Reloading Application because of config update...
2025-05-06 17:07:53,576 [INFO] [MainThread] [cli_server/cli_server.py:112]: Log pipe server stopped
2025-05-06 17:07:53,576 [DEBUG] [MainThread] [cli_server/cli_server.py:206]: CLI server stopped
2025-05-06 17:07:53,580 [DEBUG] [MainThread] [qasync._windows._EventPoller/_windows.py:218]: Stopping worker thread...
2025-05-06 17:07:53,591 [DEBUG] [Dummy-8] [qasync._windows._EventWorker/_windows.py:201]: Exiting thread
2025-05-06 17:07:53,592 [DEBUG] [MainThread] [qasync._windows._IocpProactor/_windows.py:75]: Closing
2025-05-06 17:07:54,209 [INFO] [MainThread] [root/log.py:59]: Yasb v1.7.1
2025-05-06 17:07:54,209 [INFO] [MainThread] [root/env_loader.py:22]: No env file found at C:\Users\Ambri\.config\yasb\.env, skipping environment loading.
2025-05-06 17:07:54,338 [INFO] [Thread-1 (_run_server)] [cli_server/cli_server.py:212]: CLI server started v1.1.0
2025-05-06 17:07:54,338 [INFO] [MainThread] [cli_server/cli_server.py:104]: Log pipe server started
2025-05-06 17:07:54,599 [DEBUG] [MainThread] [tzlocal/win32.py:55]: Looking up time zone info from registry
2025-05-06 17:07:54,974 [DEBUG] [MainThread] [comtypes/__init__.py:149]: CoInitializeEx(None, 2)
2025-05-06 17:07:57,155 [INFO] [MainThread] [root/watcher.py:55]: Created file watcher for path C:\Users\Ambri\.config\yasb
2025-05-06 17:07:57,177 [INFO] [Dummy-5] [root/event_listener.py:53]: Created named pipe yasb-e489559e-2a8b-11f0-8514-001a7dda7111
2025-05-06 17:07:57,267 [DEBUG] [MainThread] [qasync._windows._EventPoller/_windows.py:213]: Starting (proactor: <_IocpProactor overlapped#=0 result#=0>)...
2025-05-06 17:07:57,269 [DEBUG] [Dummy-8] [qasync._windows._EventWorker/_windows.py:192]: Thread started
2025-05-06 17:07:57,354 [INFO] [Dummy-5] [root/event_listener.py:125]: Komorebi connected to named pipe: yasb-e489559e-2a8b-11f0-8514-001a7dda7111
2025-05-06 17:13:30,958 [INFO] [MainThread] [root/controller.py:12]: Reloading Application because of config update...
2025-05-06 17:13:31,060 [INFO] [MainThread] [cli_server/cli_server.py:112]: Log pipe server stopped
2025-05-06 17:13:31,060 [DEBUG] [MainThread] [cli_server/cli_server.py:206]: CLI server stopped
2025-05-06 17:13:31,070 [DEBUG] [MainThread] [qasync._windows._EventPoller/_windows.py:218]: Stopping worker thread...
2025-05-06 17:13:31,076 [DEBUG] [Dummy-8] [qasync._windows._EventWorker/_windows.py:201]: Exiting thread
2025-05-06 17:13:31,077 [DEBUG] [MainThread] [qasync._windows._IocpProactor/_windows.py:75]: Closing
2025-05-06 17:13:31,639 [INFO] [MainThread] [root/log.py:59]: Yasb v1.7.1
2025-05-06 17:13:31,640 [INFO] [MainThread] [root/env_loader.py:22]: No env file found at C:\Users\Ambri\.config\yasb\.env, skipping environment loading.
2025-05-06 17:13:31,729 [INFO] [Thread-1 (_run_server)] [cli_server/cli_server.py:212]: CLI server started v1.1.0
2025-05-06 17:13:31,729 [INFO] [MainThread] [cli_server/cli_server.py:104]: Log pipe server started
2025-05-06 17:13:31,885 [DEBUG] [MainThread] [tzlocal/win32.py:55]: Looking up time zone info from registry
2025-05-06 17:13:32,152 [DEBUG] [MainThread] [comtypes/__init__.py:149]: CoInitializeEx(None, 2)
2025-05-06 17:13:33,651 [INFO] [MainThread] [root/watcher.py:55]: Created file watcher for path C:\Users\Ambri\.config\yasb
2025-05-06 17:13:33,756 [INFO] [Dummy-5] [root/event_listener.py:53]: Created named pipe yasb-ad1b0ec7-2a8c-11f0-b8ef-001a7dda7111
2025-05-06 17:13:33,837 [DEBUG] [MainThread] [qasync._windows._EventPoller/_windows.py:213]: Starting (proactor: <_IocpProactor overlapped#=0 result#=0>)...
2025-05-06 17:13:33,839 [DEBUG] [Dummy-8] [qasync._windows._EventWorker/_windows.py:192]: Thread started
2025-05-06 17:13:33,894 [INFO] [Dummy-5] [root/event_listener.py:125]: Komorebi connected to named pipe: yasb-ad1b0ec7-2a8c-11f0-b8ef-001a7dda7111
2025-05-06 17:14:08,814 [INFO] [MainThread] [root/controller.py:12]: Reloading Application because of config update...
2025-05-06 17:14:08,927 [INFO] [MainThread] [cli_server/cli_server.py:112]: Log pipe server stopped
2025-05-06 17:14:08,927 [DEBUG] [MainThread] [cli_server/cli_server.py:206]: CLI server stopped
2025-05-06 17:14:08,930 [DEBUG] [MainThread] [qasync._windows._EventPoller/_windows.py:218]: Stopping worker thread...
2025-05-06 17:14:08,942 [DEBUG] [Dummy-8] [qasync._windows._EventWorker/_windows.py:201]: Exiting thread
2025-05-06 17:14:08,944 [DEBUG] [MainThread] [qasync._windows._IocpProactor/_windows.py:75]: Closing
2025-05-06 17:14:09,485 [INFO] [MainThread] [root/log.py:59]: Yasb v1.7.1
2025-05-06 17:14:09,485 [INFO] [MainThread] [root/env_loader.py:22]: No env file found at C:\Users\Ambri\.config\yasb\.env, skipping environment loading.
2025-05-06 17:14:09,573 [INFO] [Thread-1 (_run_server)] [cli_server/cli_server.py:212]: CLI server started v1.1.0
2025-05-06 17:14:09,573 [INFO] [MainThread] [cli_server/cli_server.py:104]: Log pipe server started
2025-05-06 17:14:09,726 [DEBUG] [MainThread] [tzlocal/win32.py:55]: Looking up time zone info from registry
2025-05-06 17:14:09,995 [DEBUG] [MainThread] [comtypes/__init__.py:149]: CoInitializeEx(None, 2)
2025-05-06 17:14:11,470 [INFO] [MainThread] [root/watcher.py:55]: Created file watcher for path C:\Users\Ambri\.config\yasb
2025-05-06 17:14:11,563 [INFO] [Dummy-5] [root/event_listener.py:53]: Created named pipe yasb-c3a5bc85-2a8c-11f0-960f-001a7dda7111
2025-05-06 17:14:11,638 [DEBUG] [MainThread] [qasync._windows._EventPoller/_windows.py:213]: Starting (proactor: <_IocpProactor overlapped#=0 result#=0>)...
2025-05-06 17:14:11,640 [DEBUG] [Dummy-8] [qasync._windows._EventWorker/_windows.py:192]: Thread started
2025-05-06 17:14:11,699 [INFO] [Dummy-5] [root/event_listener.py:125]: Komorebi connected to named pipe: yasb-c3a5bc85-2a8c-11f0-960f-001a7dda7111
2025-05-06 17:14:19,797 [INFO] [MainThread] [root/controller.py:12]: Reloading Application because of config update...
2025-05-06 17:14:19,909 [INFO] [MainThread] [cli_server/cli_server.py:112]: Log pipe server stopped
2025-05-06 17:14:19,909 [DEBUG] [MainThread] [cli_server/cli_server.py:206]: CLI server stopped
2025-05-06 17:14:19,912 [DEBUG] [MainThread] [qasync._windows._EventPoller/_windows.py:218]: Stopping worker thread...
2025-05-06 17:14:19,925 [DEBUG] [Dummy-8] [qasync._windows._EventWorker/_windows.py:201]: Exiting thread
2025-05-06 17:14:19,926 [DEBUG] [MainThread] [qasync._windows._IocpProactor/_windows.py:75]: Closing
2025-05-06 17:14:20,685 [INFO] [MainThread] [root/log.py:59]: Yasb v1.7.1
2025-05-06 17:14:20,685 [INFO] [MainThread] [root/env_loader.py:22]: No env file found at C:\Users\Ambri\.config\yasb\.env, skipping environment loading.
2025-05-06 17:14:20,758 [INFO] [Thread-1 (_run_server)] [cli_server/cli_server.py:212]: CLI server started v1.1.0
2025-05-06 17:14:20,759 [INFO] [MainThread] [cli_server/cli_server.py:104]: Log pipe server started
2025-05-06 17:14:20,880 [DEBUG] [MainThread] [tzlocal/win32.py:55]: Looking up time zone info from registry
2025-05-06 17:14:21,117 [DEBUG] [MainThread] [comtypes/__init__.py:149]: CoInitializeEx(None, 2)
2025-05-06 17:14:22,555 [INFO] [MainThread] [root/watcher.py:55]: Created file watcher for path C:\Users\Ambri\.config\yasb
2025-05-06 17:14:22,555 [INFO] [Dummy-5] [root/event_listener.py:53]: Created named pipe yasb-ca410237-2a8c-11f0-9106-001a7dda7111
2025-05-06 17:14:22,742 [DEBUG] [MainThread] [qasync._windows._EventPoller/_windows.py:213]: Starting (proactor: <_IocpProactor overlapped#=0 result#=0>)...
2025-05-06 17:14:22,745 [DEBUG] [Dummy-8] [qasync._windows._EventWorker/_windows.py:192]: Thread started
2025-05-06 17:14:22,764 [INFO] [Dummy-5] [root/event_listener.py:125]: Komorebi connected to named pipe: yasb-ca410237-2a8c-11f0-9106-001a7dda7111
2025-05-06 17:16:43,610 [INFO] [MainThread] [root/controller.py:12]: Reloading Application because of config update...
2025-05-06 17:16:43,714 [INFO] [MainThread] [cli_server/cli_server.py:112]: Log pipe server stopped
2025-05-06 17:16:43,714 [DEBUG] [MainThread] [cli_server/cli_server.py:206]: CLI server stopped
2025-05-06 17:16:43,730 [DEBUG] [MainThread] [qasync._windows._EventPoller/_windows.py:218]: Stopping worker thread...
2025-05-06 17:16:43,744 [DEBUG] [Dummy-8] [qasync._windows._EventWorker/_windows.py:201]: Exiting thread
2025-05-06 17:16:43,747 [DEBUG] [MainThread] [qasync._windows._IocpProactor/_windows.py:75]: Closing
2025-05-06 17:16:43,782 [ERROR] [Dummy-5] [root/event_service.py:30]: Failed to emit signal <bound PYQT_SIGNAL k_signal_update of WorkspaceWidget object at 0x000001EDCC74E170>. Removing link to KomorebiEvent.KomorebiUpdate.
2025-05-06 17:16:43,782 [ERROR] [Dummy-5] [root/event_service.py:30]: Failed to emit signal <bound PYQT_SIGNAL k_signal_update of WorkspaceWidget object at 0x000001EDCC7C1090>. Removing link to KomorebiEvent.KomorebiUpdate.
2025-05-06 17:16:43,782 [ERROR] [Dummy-5] [root/event_service.py:30]: Failed to emit signal <bound PYQT_SIGNAL k_signal_update of ActiveLayoutWidget object at 0x000001EDCC74E710>. Removing link to KomorebiEvent.KomorebiUpdate.
2025-05-06 17:16:44,306 [INFO] [MainThread] [root/log.py:59]: Yasb v1.7.1
2025-05-06 17:16:44,306 [INFO] [MainThread] [root/env_loader.py:22]: No env file found at C:\Users\Ambri\.config\yasb\.env, skipping environment loading.
2025-05-06 17:16:44,386 [INFO] [Thread-1 (_run_server)] [cli_server/cli_server.py:212]: CLI server started v1.1.0
2025-05-06 17:16:44,387 [INFO] [MainThread] [cli_server/cli_server.py:104]: Log pipe server started
2025-05-06 17:16:44,389 [INFO] [MainThread] [root/watcher.py:55]: Created file watcher for path C:\Users\Ambri\.config\yasb
2025-05-06 17:16:44,463 [DEBUG] [MainThread] [qasync._windows._EventPoller/_windows.py:213]: Starting (proactor: <_IocpProactor overlapped#=0 result#=0>)...
2025-05-06 17:16:44,466 [DEBUG] [Dummy-5] [qasync._windows._EventWorker/_windows.py:192]: Thread started
2025-05-06 17:17:16,787 [INFO] [MainThread] [root/controller.py:12]: Reloading Application because of config update...
2025-05-06 17:17:16,896 [INFO] [MainThread] [cli_server/cli_server.py:112]: Log pipe server stopped
2025-05-06 17:17:16,896 [DEBUG] [MainThread] [cli_server/cli_server.py:206]: CLI server stopped
2025-05-06 17:17:16,901 [DEBUG] [MainThread] [qasync._windows._EventPoller/_windows.py:218]: Stopping worker thread...
2025-05-06 17:17:16,912 [DEBUG] [Dummy-5] [qasync._windows._EventWorker/_windows.py:201]: Exiting thread
2025-05-06 17:17:16,913 [DEBUG] [MainThread] [qasync._windows._IocpProactor/_windows.py:75]: Closing
2025-05-06 17:17:17,251 [INFO] [MainThread] [root/log.py:59]: Yasb v1.7.1
2025-05-06 17:17:17,252 [INFO] [MainThread] [root/env_loader.py:22]: No env file found at C:\Users\Ambri\.config\yasb\.env, skipping environment loading.
2025-05-06 17:17:17,315 [INFO] [Thread-1 (_run_server)] [cli_server/cli_server.py:212]: CLI server started v1.1.0
2025-05-06 17:17:17,315 [INFO] [MainThread] [cli_server/cli_server.py:104]: Log pipe server started
2025-05-06 17:17:17,429 [DEBUG] [MainThread] [tzlocal/win32.py:55]: Looking up time zone info from registry
2025-05-06 17:17:17,671 [DEBUG] [MainThread] [comtypes/__init__.py:149]: CoInitializeEx(None, 2)
2025-05-06 17:17:18,821 [INFO] [MainThread] [root/watcher.py:55]: Created file watcher for path C:\Users\Ambri\.config\yasb
2025-05-06 17:17:18,822 [INFO] [Dummy-5] [root/event_listener.py:53]: Created named pipe yasb-33516ec5-2a8d-11f0-ad94-001a7dda7111
2025-05-06 17:17:18,888 [DEBUG] [MainThread] [qasync._windows._EventPoller/_windows.py:213]: Starting (proactor: <_IocpProactor overlapped#=0 result#=0>)...
2025-05-06 17:17:18,890 [DEBUG] [Dummy-8] [qasync._windows._EventWorker/_windows.py:192]: Thread started
2025-05-06 17:17:18,968 [INFO] [Dummy-5] [root/event_listener.py:125]: Komorebi connected to named pipe: yasb-33516ec5-2a8d-11f0-ad94-001a7dda7111
2025-05-06 17:18:39,011 [INFO] [MainThread] [root/controller.py:12]: Reloading Application because of config update...
2025-05-06 17:18:39,115 [INFO] [MainThread] [cli_server/cli_server.py:112]: Log pipe server stopped
2025-05-06 17:18:39,115 [DEBUG] [MainThread] [cli_server/cli_server.py:206]: CLI server stopped
2025-05-06 17:18:39,133 [DEBUG] [MainThread] [qasync._windows._EventPoller/_windows.py:218]: Stopping worker thread...
2025-05-06 17:18:39,145 [DEBUG] [Dummy-8] [qasync._windows._EventWorker/_windows.py:201]: Exiting thread
2025-05-06 17:18:39,145 [DEBUG] [MainThread] [qasync._windows._IocpProactor/_windows.py:75]: Closing
2025-05-06 17:18:39,601 [INFO] [MainThread] [root/log.py:59]: Yasb v1.7.1
2025-05-06 17:18:39,601 [INFO] [MainThread] [root/env_loader.py:22]: No env file found at C:\Users\Ambri\.config\yasb\.env, skipping environment loading.
2025-05-06 17:18:39,671 [INFO] [Thread-1 (_run_server)] [cli_server/cli_server.py:212]: CLI server started v1.1.0
2025-05-06 17:18:39,671 [INFO] [MainThread] [cli_server/cli_server.py:104]: Log pipe server started
2025-05-06 17:18:39,808 [DEBUG] [MainThread] [tzlocal/win32.py:55]: Looking up time zone info from registry
2025-05-06 17:18:40,091 [DEBUG] [MainThread] [comtypes/__init__.py:149]: CoInitializeEx(None, 2)
2025-05-06 17:18:41,411 [INFO] [MainThread] [root/watcher.py:55]: Created file watcher for path C:\Users\Ambri\.config\yasb
2025-05-06 17:18:41,443 [INFO] [Dummy-5] [root/event_listener.py:53]: Created named pipe yasb-648b8dbd-2a8d-11f0-aabe-001a7dda7111
2025-05-06 17:18:41,498 [DEBUG] [MainThread] [qasync._windows._EventPoller/_windows.py:213]: Starting (proactor: <_IocpProactor overlapped#=0 result#=0>)...
2025-05-06 17:18:41,503 [DEBUG] [Dummy-8] [qasync._windows._EventWorker/_windows.py:192]: Thread started
2025-05-06 17:18:41,673 [INFO] [Dummy-5] [root/event_listener.py:125]: Komorebi connected to named pipe: yasb-648b8dbd-2a8d-11f0-aabe-001a7dda7111
